🚫 --exclude-asin により 13 件を選抜対象から外しました: B07MFPMQPD, B08TG9FH9G, B0CKQGX8YS, B0CQ291DCW, B0D33D3WVJ, B0DHXCRRZT, B0FC2YYPKQ, B0FQ1X5R8C, B0GXYM654Z, B0GXYSM2ML, B0GY56NL92, B0H73LPFNK, B0H94983WV
📦 候補読み込み: 15 件 (/Users/shoheishimizu/Knowledge/note/accounts/daily_gadget/06_research/_candidates/dg_20261002_tablet_stand.json)
✅ 選抜対象（Tier1〜3・在庫あり・レビューあり）: 14 / 15
============================================================
選抜レポート
============================================================
モード: natural(自動決定) / 適用Tier上限: Tier1 / 緩和: なし
採用件数: 7

-- 採用 --
1. [Tier1] LISEN / B0BTDHQJ6X / review=12582 star=4.3 
   LISEN iPad スタンド タブレット スタンド 【最高の安定性】角度調整可能 滑り止めマット スマホスタンド アイパッド モバイルモニ
2. [Tier1] Trywon / B0BV9TJVZH / review=1707 star=4.4 
   【76CM 初登場】 タブレットスタンド タブレット&スマートフォン 両用 寝ながら アームスタンド 360自由回転 土台強化 安定性
3. [Tier1] Ugreen / B0BD4J84RK / review=802 star=4.6 ★有名ブランド
   UGREEN タブレット スタンド 折りたたみ式 iPad スタンド 高さ角度調整可能 アルミ＋鉄合金製 姿勢改善 持ち運びに便利
4. [Tier1] AboveTEK / B0CC1CTVZB / review=664 star=4.5 
   タブレットアーム アルミ製 iPadスタンド ブラック AboveTEK スマホ対応 角度調整 360°回転 縦横置き両用 寝ながら ベッド
5. [Tier1] Trywon / B0CCJKPT28 / review=649 star=4.5 
   スマホスタンド iPhone&iPad 両用 全機種対応 仰向け ごろ寝 タブレットスタンド アーム 寝ながらスマホ 携帯 安定性
6. [Tier1] Panovol / B0DFGTR792 / review=532 star=4.4 
   Panovol タブレットスタンド【両手を解放！家具に傷がつかない！】隠し式台座 多機種対応 4-12.9インチ iPad 360°回転 折
7. [Tier1] CACENCAN / B0CFH63L6S / review=529 star=4.2 
   CACENCAN S01 タブレット スタンド タブレット アーム 寝ながら ベッド用 スマホスタンド アーム 横/縱き/仰向け 4～13.

-- 不採用（Tier適格だが件数上限・多様性制約で非選抜）: 7 件 --
  - [Tier3] まちの波 / B0DBVFK22W: 多様性制約または件数上限のため非選抜
  - [Tier2] ELECOM / B0CGD6BX73: 多様性制約または件数上限のため非選抜
  - [Tier2] CHENLONB / B0D7ZWYSDD: 多様性制約または件数上限のため非選抜
  - [Tier2] ELECOM / B09BC4KD33: 多様性制約または件数上限のため非選抜
  - [Tier2] Hitata / B0D33BZCFS: 多様性制約または件数上限のため非選抜
  - [Tier2] Yuesin / B0F8Q49MCX: 多様性制約または件数上限のため非選抜
  - [Tier2] woleyi / B08MLM6G1T: 多様性制約または件数上限のため非選抜

-- 除外（選抜対象外）: 1 件 --
  - B0F1MYJJHY / WORLDLIFT タブレット/iPad スタンド 4.7-12.9インチ対応 : Tier3未満のため除外（レビュー19件・星4.1）
============================================================

(--dry-run のためファイルは書き出しません)
